<testsuites name="results">
  <testsuite name="all" package="all">
    <property name="random_seed" value="1781010228" />
    <testcase name="test_pwm_removed" classname="test_pwm_analyser" file="/foss/designs/project/PWMAnalyser/test/test_pwm_analyser.py" lineno="454" time="49.16636109352112" sim_time_ns="18000050.0" ratio_time="366104.9872241196" />
  </testsuite>
</testsuites>
